// Jest Snapshot v1, https://goo.gl/fbAQLP

exports[`Badge renders correctly 1`] = `
.c0 {
  font-family: 'Source Sans Pro',Helvetica,sans-serif;
  font-size: 14px;
  line-height: 1.5;
  box-sizing: border-box;
  -webkit-text-size-adjust: 100%;
  -ms-text-size-adjust: 100%;
  -moz-osx-font-smoothing: grayscale;
  -webkit-font-smoothing: antialiased;
}

.c2 {
  padding-top: 4px;
  padding-bottom: 4px;
  padding-left: 12px;
  padding-right: 12px;
  font-size: 12px;
  color: #007171;
  background-color: #C7FFFF;
}

.c3 {
  display: inline-block;
  border-radius: 1em;
  line-height: 1;
}

.c1 {
  font-family: 'Source Sans Pro',Helvetica,sans-serif;
  font-size: 14px;
  color: #2A506F;
}

<div
  className="c0 c1"
>
  <span
    className="c2 c3 "
  >
    Badge
  </span>
</div>
`;
