// Jest Snapshot v1, https://goo.gl/fbAQLP

exports[`RadioButtonGroup renders correctly 1`] = `
.c2 {
  display: -webkit-box;
  display: -webkit-flex;
  display: -ms-flexbox;
  display: flex;
  box-sizing: border-box;
  max-width: 100%;
  min-width: 0;
  min-height: 0;
  -webkit-flex-direction: column;
  -ms-flex-direction: column;
  flex-direction: column;
}

.c5 {
  display: -webkit-box;
  display: -webkit-flex;
  display: -ms-flexbox;
  display: flex;
  box-sizing: border-box;
  max-width: 100%;
  margin-right: 10px;
  min-width: 0;
  min-height: 0;
  -webkit-flex-direction: column;
  -ms-flex-direction: column;
  flex-direction: column;
  -webkit-flex: 0 0 auto;
  -ms-flex: 0 0 auto;
  flex: 0 0 auto;
}

.c7 {
  display: -webkit-box;
  display: -webkit-flex;
  display: -ms-flexbox;
  display: flex;
  box-sizing: border-box;
  max-width: 100%;
  -webkit-align-items: center;
  -webkit-box-align: center;
  -ms-flex-align: center;
  align-items: center;
  border: solid 1px #DDE1f0;
  min-width: 0;
  min-height: 0;
  -webkit-flex-direction: column;
  -ms-flex-direction: column;
  flex-direction: column;
  height: 20px;
  width: 20px;
  -webkit-box-pack: center;
  -webkit-justify-content: center;
  -ms-flex-pack: center;
  justify-content: center;
  border-radius: 100%;
}

.c11 {
  display: -webkit-box;
  display: -webkit-flex;
  display: -ms-flexbox;
  display: flex;
  box-sizing: border-box;
  max-width: 100%;
  -webkit-align-items: center;
  -webkit-box-align: center;
  -ms-flex-align: center;
  align-items: center;
  border: solid 1px #7D4CDB;
  min-width: 0;
  min-height: 0;
  -webkit-flex-direction: column;
  -ms-flex-direction: column;
  flex-direction: column;
  height: 20px;
  width: 20px;
  -webkit-box-pack: center;
  -webkit-justify-content: center;
  -ms-flex-pack: center;
  justify-content: center;
  border-radius: 100%;
}

.c8 {
  -webkit-flex: 0 0 auto;
  -ms-flex: 0 0 auto;
  flex: 0 0 auto;
  -webkit-align-self: stretch;
  -ms-flex-item-align: stretch;
  align-self: stretch;
  height: 12px;
}

.c4 {
  display: -webkit-box;
  display: -webkit-flex;
  display: -ms-flexbox;
  display: flex;
  -webkit-flex-direction: row;
  -ms-flex-direction: row;
  flex-direction: row;
  -webkit-align-items: center;
  -webkit-box-align: center;
  -ms-flex-align: center;
  align-items: center;
  -webkit-user-select: none;
  -moz-user-select: none;
  -ms-user-select: none;
  user-select: none;
  width: -webkit-fit-content;
  width: -moz-fit-content;
  width: fit-content;
  opacity: 0.5;
  cursor: default;
}

.c4:hover input:not([disabled]) + div,
.c4:hover input:not([disabled]) + span {
  border-color: #527699;
}

.c9 {
  display: -webkit-box;
  display: -webkit-flex;
  display: -ms-flexbox;
  display: flex;
  -webkit-flex-direction: row;
  -ms-flex-direction: row;
  flex-direction: row;
  -webkit-align-items: center;
  -webkit-box-align: center;
  -ms-flex-align: center;
  align-items: center;
  -webkit-user-select: none;
  -moz-user-select: none;
  -ms-user-select: none;
  user-select: none;
  width: -webkit-fit-content;
  width: -moz-fit-content;
  width: fit-content;
  cursor: pointer;
}

.c9:hover input:not([disabled]) + div,
.c9:hover input:not([disabled]) + span {
  border-color: #527699;
}

.c6 {
  opacity: 0;
  -moz-appearance: none;
  width: 0;
  height: 0;
  margin: 0;
}

.c10 {
  opacity: 0;
  -moz-appearance: none;
  width: 0;
  height: 0;
  margin: 0;
  cursor: pointer;
}

.c12 {
  box-sizing: border-box;
  width: 12px;
  height: 12px;
  fill: #FFFFFF;
}

.c0 {
  font-family: 'Source Sans Pro',Helvetica,sans-serif;
  font-size: 14px;
  line-height: 1.5;
  box-sizing: border-box;
  -webkit-text-size-adjust: 100%;
  -ms-text-size-adjust: 100%;
  -moz-osx-font-smoothing: grayscale;
  -webkit-font-smoothing: antialiased;
}

.c1 {
  font-family: 'Source Sans Pro',Helvetica,sans-serif;
  font-size: 14px;
  color: #2A506F;
}

.c3 > label > span {
  font-family: 'Source Sans Pro',Helvetica,sans-serif;
}

.c3 label[disabled] {
  opacity: 0.4;
}

.c3 label:hover input[value="selected"] + div {
  border-color: #009dd7;
  background: #009dd7;
}

.c3 label input[value='selected'] + div {
  border-color: #00AEEF;
  background: #00AEEF;
}

@media only screen and (max-width:768px) {
  .c5 {
    margin-right: 10px;
  }
}

@media only screen and (max-width:768px) {
  .c7 {
    border: solid 1px #DDE1f0;
  }
}

@media only screen and (max-width:768px) {
  .c11 {
    border: solid 1px #7D4CDB;
  }
}

@media only screen and (max-width:768px) {
  .c8 {
    height: 6px;
  }
}

<div
  className="c0 c1"
>
  <div
    className="c2 c3 "
  >
    <label
      className="c4"
      disabled={true}
      onClick={[Function]}
      onMouseEnter={[Function]}
      onMouseLeave={[Function]}
    >
      <div
        className="c5 "
      >
        <input
          checked={false}
          className="c6"
          disabled={true}
          name="radio button group"
          onBlur={[Function]}
          onChange={[Function]}
          onFocus={[Function]}
          type="radio"
          value="disabled"
        />
        <div
          className="c7 "
        />
      </div>
      <span
        className=""
      >
        disabled
      </span>
    </label>
    <div
      className="c8"
    />
    <label
      className="c9"
      disabled={false}
      onClick={[Function]}
      onMouseEnter={[Function]}
      onMouseLeave={[Function]}
    >
      <div
        className="c5 "
      >
        <input
          checked={false}
          className="c10"
          disabled={false}
          name="radio button group"
          onBlur={[Function]}
          onChange={[Function]}
          onFocus={[Function]}
          type="radio"
          value="enabled"
        />
        <div
          className="c7 "
        />
      </div>
      <span
        className=""
      >
        enabled
      </span>
    </label>
    <div
      className="c8"
    />
    <label
      className="c9"
      disabled={false}
      onClick={[Function]}
      onMouseEnter={[Function]}
      onMouseLeave={[Function]}
    >
      <div
        className="c5 "
      >
        <input
          checked={true}
          className="c10"
          disabled={false}
          name="radio button group"
          onBlur={[Function]}
          onChange={[Function]}
          onFocus={[Function]}
          type="radio"
          value="selected"
        />
        <div
          className="c11 "
        >
          <svg
            className="c12"
            preserveAspectRatio="xMidYMid meet"
            viewBox="0 0 24 24"
          >
            <circle
              cx={12}
              cy={12}
              r={6}
            />
          </svg>
        </div>
      </div>
      <span
        className=""
      >
        selected
      </span>
    </label>
  </div>
</div>
`;
