// Jest Snapshot v1, https://goo.gl/fbAQLP

exports[`Textarea component should match the stored snapshot 1`] = `
.c0 {
  font-family: 'Source Sans Pro',Helvetica,sans-serif;
  font-size: 14px;
  line-height: 1.5;
  box-sizing: border-box;
  -webkit-text-size-adjust: 100%;
  -ms-text-size-adjust: 100%;
  -moz-osx-font-smoothing: grayscale;
  -webkit-font-smoothing: antialiased;
}

.c2 {
  box-sizing: border-box;
  font-size: inherit;
  font-family: inherit;
  border: none;
  -webkit-appearance: none;
  background: transparent;
  color: inherit;
  width: 100%;
  padding: 11px;
  font-weight: 400;
  margin: 0;
  border: 1px solid #DDE1f0;
  border-radius: 4px;
}

.c2::-webkit-input-placeholder {
  color: #abb9c5;
}

.c2::-moz-placeholder {
  color: #abb9c5;
}

.c2:-ms-input-placeholder {
  color: #abb9c5;
}

.c2::-webkit-search-decoration {
  -webkit-appearance: none;
}

.c2::-moz-focus-inner {
  border: none;
  outline: none;
}

.c2:-moz-placeholder,
.c2::-moz-placeholder {
  opacity: 1;
}

.c3 {
  padding: 14px 20px;
  color: #2A506F;
  cursor: auto;
  resize: vertical;
  display: block;
  width: 100%;
}

.c3:focus {
  border-color: #527699;
}

.c1 {
  font-family: 'Source Sans Pro',Helvetica,sans-serif;
  font-size: 14px;
  color: #2A506F;
}

<div
  className="c0 c1"
>
  <textarea
    className="c2 c3 "
    onBlur={[Function]}
    onChange={[Function]}
    onFocus={[Function]}
    onKeyDown={[Function]}
  />
</div>
`;
