// Jest Snapshot v1, https://goo.gl/fbAQLP

exports[`Ordered list renders correctly 1`] = `
.c0 {
  font-family: 'Source Sans Pro',Helvetica,sans-serif;
  font-size: 14px;
  line-height: 1.5;
  box-sizing: border-box;
  -webkit-text-size-adjust: 100%;
  -ms-text-size-adjust: 100%;
  -moz-osx-font-smoothing: grayscale;
  -webkit-font-smoothing: antialiased;
}

.c1 {
  font-family: 'Source Sans Pro',Helvetica,sans-serif;
  font-size: 14px;
  color: #2A506F;
}

.c2 {
  padding: 0;
  margin: 0;
  list-style: none;
}

.c2 > li {
  display: -webkit-box;
  display: -webkit-flex;
  display: -ms-flexbox;
  display: flex;
}

.c2 > li:first-child {
  margin-top: 0;
}

.c2 > li:last-child {
  margin-bottom: 0;
}

.c2 > li:before {
  text-align: center;
}

.c3 {
  counter-reset: ordered-list-counter;
}

.c3 > li {
  margin: 16px 0;
  counter-increment: ordered-list-counter;
}

.c3 > li:before {
  content: counter(ordered-list-counter);
  margin-right: 8px;
  background: #1496E1;
  height: 1.5em;
  width: 1.5em;
  min-width: 1.5em;
  line-height: 1.5em;
  color: white;
  border-radius: 50%;
}

<div
  className="c0 c1"
>
  <ol
    className="c2 c3 "
  >
    <li>
      <span>
        Item 1
      </span>
    </li>
    <li>
      <span>
        Item 2
      </span>
    </li>
  </ol>
</div>
`;

exports[`Unordered list renders correctly 1`] = `
.c0 {
  font-family: 'Source Sans Pro',Helvetica,sans-serif;
  font-size: 14px;
  line-height: 1.5;
  box-sizing: border-box;
  -webkit-text-size-adjust: 100%;
  -ms-text-size-adjust: 100%;
  -moz-osx-font-smoothing: grayscale;
  -webkit-font-smoothing: antialiased;
}

.c1 {
  font-family: 'Source Sans Pro',Helvetica,sans-serif;
  font-size: 14px;
  color: #2A506F;
}

.c2 {
  padding: 0;
  margin: 0;
  list-style: none;
}

.c2 > li {
  display: -webkit-box;
  display: -webkit-flex;
  display: -ms-flexbox;
  display: flex;
}

.c2 > li:first-child {
  margin-top: 0;
}

.c2 > li:last-child {
  margin-bottom: 0;
}

.c2 > li:before {
  text-align: center;
}

.c3 > li {
  margin: 4px 0;
}

.c3 > li:before {
  content: '\\2022';
  margin-right: 8px;
  -webkit-transform: translateY( -1px );
  -ms-transform: translateY( -1px );
  transform: translateY( -1px );
  color: #527699;
}

<div
  className="c0 c1"
>
  <ul
    className="c2 c3 "
  >
    <li>
      <span>
        Item 1
      </span>
    </li>
    <li>
      <span>
        Item 2
      </span>
    </li>
  </ul>
</div>
`;
