// Jest Snapshot v1, https://goo.gl/fbAQLP

exports[`Img renders correctly 1`] = `
.c0 {
  font-family: 'Source Sans Pro',Helvetica,sans-serif;
  font-size: 14px;
  line-height: 1.5;
  box-sizing: border-box;
  -webkit-text-size-adjust: 100%;
  -ms-text-size-adjust: 100%;
  -moz-osx-font-smoothing: grayscale;
  -webkit-font-smoothing: antialiased;
}

.c1 {
  font-family: 'Source Sans Pro',Helvetica,sans-serif;
  font-size: 14px;
  color: #2A506F;
}

.c2 {
  display: block;
  max-width: 100%;
  height: auto;
}

<div
  className="c0 c1"
>
  <img
    className="c2"
  />
</div>
`;
