// Jest Snapshot v1, https://goo.gl/fbAQLP

exports[`Terminal renders correctly 1`] = `
.c0 {
  font-family: 'Source Sans Pro',Helvetica,sans-serif;
  font-size: 14px;
  line-height: 1.5;
  box-sizing: border-box;
  -webkit-text-size-adjust: 100%;
  -ms-text-size-adjust: 100%;
  -moz-osx-font-smoothing: grayscale;
  -webkit-font-smoothing: antialiased;
}

.c2 {
  box-sizing: border-box;
  -webkit-flex: 1;
  -ms-flex: 1;
  flex: 1;
}

.c3 {
  height: 100%;
}

.c1 {
  font-family: 'Source Sans Pro',Helvetica,sans-serif;
  font-size: 14px;
  color: #2A506F;
}

.c4 {
  display: -webkit-box;
  display: -webkit-flex;
  display: -ms-flexbox;
  display: flex;
  position: relative;
}

.c4 .xterm {
  font-feature-settings: 'liga' 0;
  position: relative;
  -webkit-user-select: none;
  -moz-user-select: none;
  -ms-user-select: none;
  user-select: none;
  -ms-user-select: none;
  -webkit-user-select: none;
}

.c4 .xterm.focus,
.c4 .xterm:focus {
  outline: none;
}

.c4 .xterm .xterm-helpers {
  position: absolute;
  top: 0;
  z-index: 5;
}

.c4 .xterm .xterm-helper-textarea {
  padding: 0;
  border: 0;
  margin: 0;
  position: absolute;
  opacity: 0;
  left: -9999em;
  top: 0;
  width: 0;
  height: 0;
  z-index: -5;
  white-space: nowrap;
  overflow: hidden;
  resize: none;
}

.c4 .xterm .composition-view {
  background: #000;
  color: #fff;
  display: none;
  position: absolute;
  white-space: nowrap;
  z-index: 1;
}

.c4 .xterm .composition-view.active {
  display: block;
}

.c4 .xterm .xterm-viewport {
  background-color: #000;
  overflow-y: scroll;
  cursor: default;
  position: absolute;
  right: 0;
  left: 0;
  top: 0;
  bottom: 0;
}

.c4 .xterm .xterm-screen {
  position: relative;
}

.c4 .xterm .xterm-screen canvas {
  position: absolute;
  left: 0;
  top: 0;
}

.c4 .xterm .xterm-scroll-area {
  visibility: hidden;
}

.c4 .xterm-char-measure-element {
  display: inline-block;
  visibility: hidden;
  position: absolute;
  top: 0;
  left: -9999em;
  line-height: normal;
}

.c4 .xterm {
  cursor: text;
}

.c4 .xterm.enable-mouse-events {
  cursor: default;
}

.c4 .xterm.xterm-cursor-pointer {
  cursor: pointer;
}

.c4 .xterm.column-select.focus {
  cursor: crosshair;
}

.c4 .xterm .xterm-accessibility,
.c4 .xterm .xterm-message {
  position: absolute;
  left: 0;
  top: 0;
  bottom: 0;
  right: 0;
  z-index: 10;
  color: transparent;
}

.c4 .xterm .live-region {
  position: absolute;
  left: -9999px;
  width: 1px;
  height: 1px;
  overflow: hidden;
}

.c4 .xterm-dim {
  opacity: 0.5;
}

.c4 .xterm-underline {
  -webkit-text-decoration: underline;
  text-decoration: underline;
}

.c4 .xterm-viewport::-webkit-scrollbar-track {
  background-color: transparent;
  border-bottom-right-radius: 0;
}

.c4 .xterm-viewport::-webkit-scrollbar {
  width: 10px;
  background-color: transparent;
  border-radius: 0;
}

.c4 .xterm-viewport::-webkit-scrollbar-thumb {
  background-color: #e9e9e9;
}

.c5 {
  display: -webkit-box;
  display: -webkit-flex;
  display: -ms-flexbox;
  display: flex;
  -webkit-flex-direction: column;
  -ms-flex-direction: column;
  flex-direction: column;
  position: absolute;
  top: 0;
  left: 0;
  right: 0;
  bottom: 0;
}

<div
  className="c0 c1"
>
  <div
    className="c2 c3 c4"
  >
    <div
      className="c2 c5"
    />
  </div>
</div>
`;
