// Jest Snapshot v1, https://goo.gl/fbAQLP

exports[`RadioButton renders correctly 1`] = `
.c4 {
  display: -webkit-box;
  display: -webkit-flex;
  display: -ms-flexbox;
  display: flex;
  box-sizing: border-box;
  max-width: 100%;
  margin-right: 10px;
  min-width: 0;
  min-height: 0;
  -webkit-flex-direction: column;
  -ms-flex-direction: column;
  flex-direction: column;
  -webkit-flex: 0 0 auto;
  -ms-flex: 0 0 auto;
  flex: 0 0 auto;
}

.c6 {
  display: -webkit-box;
  display: -webkit-flex;
  display: -ms-flexbox;
  display: flex;
  box-sizing: border-box;
  max-width: 100%;
  -webkit-align-items: center;
  -webkit-box-align: center;
  -ms-flex-align: center;
  align-items: center;
  border: solid 1px #7D4CDB;
  min-width: 0;
  min-height: 0;
  -webkit-flex-direction: column;
  -ms-flex-direction: column;
  flex-direction: column;
  height: 20px;
  width: 20px;
  -webkit-box-pack: center;
  -webkit-justify-content: center;
  -ms-flex-pack: center;
  justify-content: center;
  border-radius: 100%;
}

.c3 {
  display: -webkit-box;
  display: -webkit-flex;
  display: -ms-flexbox;
  display: flex;
  -webkit-flex-direction: row;
  -ms-flex-direction: row;
  flex-direction: row;
  -webkit-align-items: center;
  -webkit-box-align: center;
  -ms-flex-align: center;
  align-items: center;
  -webkit-user-select: none;
  -moz-user-select: none;
  -ms-user-select: none;
  user-select: none;
  width: -webkit-fit-content;
  width: -moz-fit-content;
  width: fit-content;
  cursor: pointer;
}

.c3:hover input:not([disabled]) + div,
.c3:hover input:not([disabled]) + span {
  border-color: #527699;
}

.c5 {
  opacity: 0;
  -moz-appearance: none;
  width: 0;
  height: 0;
  margin: 0;
  cursor: pointer;
}

.c7 {
  box-sizing: border-box;
  width: 12px;
  height: 12px;
  fill: #FFFFFF;
}

.c0 {
  font-family: 'Source Sans Pro',Arial,sans-serif;
  font-size: 14px;
  line-height: 1.5;
  box-sizing: border-box;
  -webkit-text-size-adjust: 100%;
  -ms-text-size-adjust: 100%;
  -moz-osx-font-smoothing: grayscale;
  -webkit-font-smoothing: antialiased;
}

.c1 {
  font-family: 'Source Sans Pro',Arial,sans-serif;
  font-size: 14px;
  color: #2A506F;
}

.c2 > label > span {
  font-family: 'Source Sans Pro',Arial,sans-serif;
}

.c2 label[disabled] {
  opacity: 0.4;
}

.c2 label input + div {
  border-color: #00AEEF;
  background: #00AEEF;
}

.c2 label:hover input + div {
  border-color: #009dd7;
  background: #009dd7;
}

@media only screen and (max-width:768px) {
  .c4 {
    margin-right: 10px;
  }
}

@media only screen and (max-width:768px) {
  .c6 {
    border: solid 1px #7D4CDB;
  }
}

<div
  className="c0 c1"
>
  <div
    checked={true}
    className="c2 "
  >
    <label
      className="c3"
      onClick={[Function]}
      onMouseEnter={[Function]}
      onMouseLeave={[Function]}
    >
      <div
        className="c4 "
      >
        <input
          checked={true}
          className="c5"
          name="radio button"
          type="radio"
        />
        <div
          className="c6 "
        >
          <svg
            className="c7"
            preserveAspectRatio="xMidYMid meet"
            viewBox="0 0 24 24"
          >
            <circle
              cx={12}
              cy={12}
              r={6}
            />
          </svg>
        </div>
      </div>
      <span
        className=""
      >
        Radio Button
      </span>
    </label>
  </div>
</div>
`;
