// Jest Snapshot v1, https://goo.gl/fbAQLP

exports[`Fixed renders correctly 1`] = `
.c0 {
  font-family: 'Source Sans Pro',Helvetica,sans-serif;
  font-size: 14px;
  line-height: 1.5;
  box-sizing: border-box;
  -webkit-text-size-adjust: 100%;
  -ms-text-size-adjust: 100%;
  -moz-osx-font-smoothing: grayscale;
  -webkit-font-smoothing: antialiased;
}

.c2 {
  position: fixed;
  top: auto;
  right: auto;
  bottom: auto;
  left: auto;
  z-index: 0;
  background: none;
}

.c1 {
  font-family: 'Source Sans Pro',Helvetica,sans-serif;
  font-size: 14px;
  color: #2A506F;
}

<div
  className="c0 c1"
>
  <div
    className="c2 "
  >
    Fixed
  </div>
</div>
`;
