// Jest Snapshot v1, https://goo.gl/fbAQLP

exports[`HighlightedName renders correctly 1`] = `
.c0 {
  font-family: 'Source Sans Pro',Helvetica,sans-serif;
  font-size: 14px;
  line-height: 1.5;
  box-sizing: border-box;
  -webkit-text-size-adjust: 100%;
  -ms-text-size-adjust: 100%;
  -moz-osx-font-smoothing: grayscale;
  -webkit-font-smoothing: antialiased;
}

.c2 {
  padding: 8px;
  font-size: 14px;
  color: #fff;
  background-color: #87c59b;
}

.c3 {
  display: inline-block;
  border-radius: 2px;
  line-height: 1;
}

.c1 {
  font-family: 'Source Sans Pro',Helvetica,sans-serif;
  font-size: 14px;
  color: #2A506F;
}

<div
  className="c0 c1"
>
  <span
    className="c2 c3 "
  >
    HighlightedName
  </span>
</div>
`;
