// Jest Snapshot v1, https://goo.gl/fbAQLP

exports[`Checkbox renders correctly 1`] = `
.c4 {
  display: -webkit-box;
  display: -webkit-flex;
  display: -ms-flexbox;
  display: flex;
  box-sizing: border-box;
  max-width: 100%;
  -webkit-align-items: center;
  -webkit-box-align: center;
  -ms-flex-align: center;
  align-items: center;
  min-width: 0;
  min-height: 0;
  -webkit-flex-direction: column;
  -ms-flex-direction: column;
  flex-direction: column;
  -webkit-box-pack: center;
  -webkit-justify-content: center;
  -ms-flex-pack: center;
  justify-content: center;
}

.c7 {
  display: -webkit-box;
  display: -webkit-flex;
  display: -ms-flexbox;
  display: flex;
  box-sizing: border-box;
  max-width: 100%;
  -webkit-align-items: center;
  -webkit-box-align: center;
  -ms-flex-align: center;
  align-items: center;
  border: solid 1px #00AEEF;
  min-width: 0;
  min-height: 0;
  -webkit-flex-direction: column;
  -ms-flex-direction: column;
  flex-direction: column;
  height: 20px;
  width: 20px;
  -webkit-box-pack: center;
  -webkit-justify-content: center;
  -ms-flex-pack: center;
  justify-content: center;
  border-radius: 4px;
}

.c8 {
  box-sizing: border-box;
  stroke-width: 2px;
  stroke: #00AEEF;
  width: 20px;
  height: 20px;
}

.c3 {
  display: -webkit-box;
  display: -webkit-flex;
  display: -ms-flexbox;
  display: flex;
  -webkit-flex-direction: row;
  -ms-flex-direction: row;
  flex-direction: row;
  -webkit-align-items: center;
  -webkit-box-align: center;
  -ms-flex-align: center;
  align-items: center;
  -webkit-user-select: none;
  -moz-user-select: none;
  -ms-user-select: none;
  user-select: none;
  width: -webkit-fit-content;
  width: -moz-fit-content;
  width: fit-content;
  cursor: pointer;
}

.c3:hover input:not([disabled]) + div,
.c3:hover input:not([disabled]) + span {
  border-color: #DDE1f0;
}

.c6 {
  opacity: 0;
  -moz-appearance: none;
  width: 0;
  height: 0;
  margin: 0;
  cursor: pointer;
}

.c6:checked + span > span {
  left: calc( 40px - 20px );
  background: #00AEEF;
}

.c5 {
  -webkit-flex-shrink: 0;
  -ms-flex-negative: 0;
  flex-shrink: 0;
}

.c0 {
  font-family: 'Source Sans Pro',Helvetica,sans-serif;
  font-size: 14px;
  line-height: 1.5;
  box-sizing: border-box;
  -webkit-text-size-adjust: 100%;
  -ms-text-size-adjust: 100%;
  -moz-osx-font-smoothing: grayscale;
  -webkit-font-smoothing: antialiased;
}

.c2 > label > div > div,
.c2 > label > div > span {
  background-color: white;
}

.c2 > label > span {
  font-family: 'Source Sans Pro',Helvetica,sans-serif;
  font-size: 14px;
}

.c2 label input + div {
  border-color: #00AEEF;
  background: #00AEEF;
}

.c2 label input + div > svg {
  stroke: #fff;
}

.c2 label[disabled] {
  opacity: 0.4;
}

.c2 label:hover input:not([disabled]) + span > span {
  border-color: #009dd7;
  background: #009dd7;
}

.c2 label:hover input:not([disabled]) + div {
  border-color: #527699!important;
}

.c2 label:hover input:not([disabled]) + div {
  border-color: #009dd7 !important;
  background: #009dd7;
}

.c1 {
  font-family: 'Source Sans Pro',Helvetica,sans-serif;
  font-size: 14px;
  color: #2A506F;
}

@media only screen and (max-width:768px) {
  .c7 {
    border: solid 1px #00AEEF;
  }
}

<div
  className="c0 c1"
>
  <div
    className="c2 "
  >
    <label
      checked={true}
      className="c3"
      onClick={[Function]}
    >
      <div
        checked={true}
        className="c4 c5"
      >
        <input
          checked={true}
          className="c6"
          onBlur={[Function]}
          onChange={[Function]}
          onFocus={[Function]}
          type="checkbox"
        />
        <div
          checked={true}
          className="c7 "
        >
          <svg
            checked={true}
            className="c8"
            preserveAspectRatio="xMidYMid meet"
            viewBox="0 0 24 24"
          >
            <path
              d="M6,11.3 L10.3,16 L18,6.2"
              fill="none"
            />
          </svg>
        </div>
      </div>
    </label>
  </div>
</div>
`;
