// Jest Snapshot v1, https://goo.gl/fbAQLP

exports[`ButtonGroup renders correctly 1`] = `
.c5 {
  display: inline-block;
  box-sizing: border-box;
  cursor: pointer;
  font: inherit;
  -webkit-text-decoration: none;
  text-decoration: none;
  margin: 0;
  background: transparent;
  overflow: visible;
  text-transform: none;
  border: 1px solid #2A506F;
  border-radius: 20px;
  color: #444444;
  padding: 4px 30px;
  font-size: 14px;
  line-height: 1.5;
  -webkit-transition-property: color,background-color,border-color,box-shadow;
  transition-property: color,background-color,border-color,box-shadow;
  -webkit-transition-duration: 0.1s;
  transition-duration: 0.1s;
  -webkit-transition-timing-function: ease-in-out;
  transition-timing-function: ease-in-out;
}

.c5:hover {
  box-shadow: 0px 0px 0px 2px #2A506F;
}

.c5:focus {
  outline: none;
  box-shadow: 0 0 2px 2px #00AEEF;
}

.c5:focus > circle,
.c5:focus > ellipse,
.c5:focus > line,
.c5:focus > path,
.c5:focus > polygon,
.c5:focus > polyline,
.c5:focus > rect {
  outline: none;
  box-shadow: 0 0 2px 2px #00AEEF;
}

.c5:focus::-moz-focus-inner {
  border: 0;
}

.c0 {
  font-family: 'Source Sans Pro',Helvetica,sans-serif;
  font-size: 14px;
  line-height: 1.5;
  box-sizing: border-box;
  -webkit-text-size-adjust: 100%;
  -ms-text-size-adjust: 100%;
  -moz-osx-font-smoothing: grayscale;
  -webkit-font-smoothing: antialiased;
}

.c2 {
  box-sizing: border-box;
}

.c6 {
  font-weight: 600;
  font-size: 14px;
  height: 38px;
  white-space: nowrap;
  display: -webkit-inline-box;
  display: -webkit-inline-flex;
  display: -ms-inline-flexbox;
  display: inline-flex;
  -webkit-align-items: center;
  -webkit-box-align: center;
  -ms-flex-align: center;
  align-items: center;
  -webkit-box-pack: center;
  -webkit-justify-content: center;
  -ms-flex-pack: center;
  justify-content: center;
}

.c6 svg {
  color: inherit !important;
  font-size: 0.925em;
}

.c6:disabled {
  cursor: not-allowed;
}

.c7 {
  color: #2A506F;
  border-color: #2A506F;
}

.c7 svg {
  color: #527699 !important;
}

.c7:hover:enabled,
.c7:focus:enabled,
.c7:active:enabled {
  box-shadow: none;
  background: #2A506F;
  border-color: #2A506F;
  color: white;
  opacity: initial;
}

.c7:hover:enabled svg,
.c7:focus:enabled svg,
.c7:active:enabled svg {
  color: white !important;
}

.c3 {
  display: -webkit-box;
  display: -webkit-flex;
  display: -ms-flexbox;
  display: flex;
}

.c4 > *:first-child {
  border-top-right-radius: 0;
  border-bottom-right-radius: 0;
}

.c4 > *:last-child {
  border-top-left-radius: 0;
  border-bottom-left-radius: 0;
}

.c4 > *:not(:last-child) {
  border-right: 0;
}

.c4 > *:not(:last-child):not(:first-child) {
  border-radius: 0;
}

.c4 > *:hover {
  z-index: 1;
}

.c1 {
  font-family: 'Source Sans Pro',Helvetica,sans-serif;
  font-size: 14px;
  color: #2A506F;
}

<div
  className="c0 c1"
>
  <div
    className="c2 c3 c4"
  >
    <button
      className="c5 c6 c7 "
      onBlur={[Function]}
      onFocus={[Function]}
      onMouseOut={[Function]}
      onMouseOver={[Function]}
      type="button"
    >
      First
    </button>
    <button
      className="c5 c6 c7 "
      onBlur={[Function]}
      onFocus={[Function]}
      onMouseOut={[Function]}
      onMouseOver={[Function]}
      type="button"
    >
      Second
    </button>
    <button
      className="c5 c6 c7 "
      onBlur={[Function]}
      onFocus={[Function]}
      onMouseOut={[Function]}
      onMouseOver={[Function]}
      type="button"
    >
      Third
    </button>
  </div>
</div>
`;
