// Jest Snapshot v1, https://goo.gl/fbAQLP

exports[`Search renders correctly 1`] = `
.c0 {
  font-family: 'Source Sans Pro',Helvetica,sans-serif;
  font-size: 14px;
  line-height: 1.5;
  box-sizing: border-box;
  -webkit-text-size-adjust: 100%;
  -ms-text-size-adjust: 100%;
  -moz-osx-font-smoothing: grayscale;
  -webkit-font-smoothing: antialiased;
}

.c2 {
  position: relative;
  width: 100%;
  border-bottom: 1px solid #DDE1f0;
  padding-left: 24px;
  padding-top: 4px;
}

.c2 .search-icon {
  color: #bbc8d6;
  position: absolute;
  top: 50%;
  left: 8px;
  -webkit-transform: translateY(-50%);
  -ms-transform: translateY(-50%);
  transform: translateY(-50%);
}

.c2 input {
  outline: none;
  background: transparent;
  box-shadow: none;
  border: none;
  width: 100%;
  font-size: inherit;
  padding: 4px;
  height: auto;
  font-family: 'Source Sans Pro',Helvetica,sans-serif;
}

.c2 input:hover {
  box-shadow: none;
}

.c2 input::-webkit-input-placeholder {
  color: #bbc8d6;
  font-family: 'Source Sans Pro',Helvetica,sans-serif;
}

.c2 input::-moz-placeholder {
  color: #bbc8d6;
  font-family: 'Source Sans Pro',Helvetica,sans-serif;
}

.c2 input:-ms-input-placeholder {
  color: #bbc8d6;
  font-family: 'Source Sans Pro',Helvetica,sans-serif;
}

.c2 input::placeholder {
  color: #bbc8d6;
  font-family: 'Source Sans Pro',Helvetica,sans-serif;
}

.c1 {
  font-family: 'Source Sans Pro',Helvetica,sans-serif;
  font-size: 14px;
  color: #2A506F;
}

<div
  className="c0 c1"
>
  <div
    className="c2 "
  >
    <input
      placeholder="Placeholder Text"
      style={
        Object {
          "color": undefined,
        }
      }
    />
    <svg
      aria-hidden="true"
      className="svg-inline--fa fa-search fa-w-16 search-icon"
      data-icon="search"
      data-prefix="fas"
      focusable="false"
      role="img"
      style={Object {}}
      viewBox="0 0 512 512"
      xmlns="http://www.w3.org/2000/svg"
    >
      <path
        d="M505 442.7L405.3 343c-4.5-4.5-10.6-7-17-7H372c27.6-35.3 44-79.7 44-128C416 93.1 322.9 0 208 0S0 93.1 0 208s93.1 208 208 208c48.3 0 92.7-16.4 128-44v16.3c0 6.4 2.5 12.5 7 17l99.7 99.7c9.4 9.4 24.6 9.4 33.9 0l28.3-28.3c9.4-9.4 9.4-24.6.1-34zM208 336c-70.7 0-128-57.2-128-128 0-70.7 57.2-128 128-128 70.7 0 128 57.2 128 128 0 70.7-57.2 128-128 128z"
        fill="currentColor"
        style={Object {}}
      />
    </svg>
  </div>
</div>
`;
