// Jest Snapshot v1, https://goo.gl/fbAQLP

exports[`Table component should match the stored snapshot 1`] = `
.c0 {
  font-family: 'Source Sans Pro',Helvetica,sans-serif;
  font-size: 14px;
  line-height: 1.5;
  box-sizing: border-box;
  -webkit-text-size-adjust: 100%;
  -ms-text-size-adjust: 100%;
  -moz-osx-font-smoothing: grayscale;
  -webkit-font-smoothing: antialiased;
}

.c1 {
  font-family: 'Source Sans Pro',Helvetica,sans-serif;
  font-size: 14px;
  color: #2A506F;
}

.c2 {
  overflow-x: auto;
  max-width: 100%;
}

.c3 {
  display: table;
  width: 100%;
  border-spacing: 0;
  border-bottom: 1px solid #DDE1f0;
}

.c3 > [data-display='table-head'] {
  display: table-header-group;
  background-color: #f8f9fd;
}

.c3 > [data-display='table-head'] > [data-display='table-row'] {
  display: table-row;
}

.c3 > [data-display='table-head'] > [data-display='table-row'] > [data-display='table-cell'] {
  display: table-cell;
  border-bottom: 1px solid #DDE1f0;
  text-align: left;
  vertical-align: middle;
  padding: 10px 20px;
  font-size: 14px;
}

.c3 > [data-display='table-head'] > [data-display='table-row'] > [data-display='table-cell']:first-child {
  padding-left: 40px;
}

.c3 > [data-display='table-head'] > [data-display='table-row'] > [data-display='table-cell']:last-child {
  padding-right: 40px;
}

.c3 > [data-display='table-body'] {
  display: table-row-group;
}

.c3 > [data-display='table-body'] > [data-display='table-row'] {
  display: table-row;
  -webkit-text-decoration: none;
  text-decoration: none;
  color: #2A506F;
  font-size: 14px;
}

.c3 > [data-display='table-body'] > [data-display='table-row'] > [data-display='table-cell'] {
  display: table-cell;
  text-align: left;
  vertical-align: middle;
  padding: 14px 20px;
  -webkit-text-decoration: none;
  text-decoration: none;
  color: inherit;
}

.c3 > [data-display='table-body'] > [data-display='table-row'] > [data-display='table-cell']:first-child {
  padding-left: 40px;
}

.c3 > [data-display='table-body'] > [data-display='table-row'] > [data-display='table-cell']:last-child {
  padding-right: 40px;
}

.c3 > [data-display='table-body'] > [data-display='table-row'] > a[data-display='table-cell'] {
  cursor: auto;
}

.c3 > [data-display='table-body'] > [data-display='table-row']:nth-of-type(even) {
  background-color: #f8f9fd;
}

.c3 > [data-display='table-body'] > [data-display='table-row']:hover {
  -webkit-text-decoration: none;
  text-decoration: none;
}

.c3 > [data-display='table-body'] > [data-display='table-row'][data-highlight='true'] {
  background-color: #e8f5fc;
}

.c3 > [data-display='table-body'] > [data-display='table-row'][data-highlight='true'] > [data-display="table-cell"]:first-child {
  box-shadow: inset 3px 0px 0 #1496E1;
}

<div
  className="c0 c1"
>
  <div
    className="c2"
  >
    <div
      className="c3"
    >
      <div
        data-display="table-head"
      >
        <div
          data-display="table-row"
        />
      </div>
      <div
        data-display="table-body"
      />
    </div>
  </div>
</div>
`;
