// Jest Snapshot v1, https://goo.gl/fbAQLP

exports[`Filters component should match the stored snapshot 1`] = `
.c9 {
  display: -webkit-box;
  display: -webkit-flex;
  display: -ms-flexbox;
  display: flex;
  box-sizing: border-box;
  max-width: 100%;
  -webkit-align-items: center;
  -webkit-box-align: center;
  -ms-flex-align: center;
  align-items: center;
  min-width: 0;
  min-height: 0;
  -webkit-flex-direction: row;
  -ms-flex-direction: row;
  flex-direction: row;
  -webkit-box-pack: center;
  -webkit-justify-content: center;
  -ms-flex-pack: center;
  justify-content: center;
}

.c10 {
  -webkit-flex: 0 0 auto;
  -ms-flex: 0 0 auto;
  flex: 0 0 auto;
  -webkit-align-self: stretch;
  -ms-flex-item-align: stretch;
  align-self: stretch;
  width: 8px;
}

.c6 {
  display: inline-block;
  box-sizing: border-box;
  cursor: pointer;
  font: inherit;
  -webkit-text-decoration: none;
  text-decoration: none;
  margin: 0;
  background: transparent;
  overflow: visible;
  text-transform: none;
  border: 1px solid #00AEEF;
  border-radius: 20px;
  color: #444444;
  padding: 4px 30px;
  font-size: 14px;
  line-height: 1.5;
  background-color: #00AEEF;
  color: #444444;
  border-radius: 20px;
  -webkit-transition-property: color,background-color,border-color,box-shadow;
  transition-property: color,background-color,border-color,box-shadow;
  -webkit-transition-duration: 0.1s;
  transition-duration: 0.1s;
  -webkit-transition-timing-function: ease-in-out;
  transition-timing-function: ease-in-out;
}

.c6:hover {
  box-shadow: 0px 0px 0px 2px #00AEEF;
}

.c6:focus {
  outline: none;
  box-shadow: 0 0 2px 2px #00AEEF;
}

.c6:focus > circle,
.c6:focus > ellipse,
.c6:focus > line,
.c6:focus > path,
.c6:focus > polygon,
.c6:focus > polyline,
.c6:focus > rect {
  outline: none;
  box-shadow: 0 0 2px 2px #00AEEF;
}

.c6:focus::-moz-focus-inner {
  border: 0;
}

.c15 {
  display: inline-block;
  box-sizing: border-box;
  cursor: pointer;
  font: inherit;
  -webkit-text-decoration: none;
  text-decoration: none;
  margin: 0;
  background: transparent;
  overflow: visible;
  text-transform: none;
  border: 1px solid #DDE1f0;
  border-radius: 20px;
  color: #444444;
  padding: 4px 30px;
  font-size: 14px;
  line-height: 1.5;
  -webkit-transition-property: color,background-color,border-color,box-shadow;
  transition-property: color,background-color,border-color,box-shadow;
  -webkit-transition-duration: 0.1s;
  transition-duration: 0.1s;
  -webkit-transition-timing-function: ease-in-out;
  transition-timing-function: ease-in-out;
}

.c15:hover {
  box-shadow: 0px 0px 0px 2px #DDE1f0;
}

.c15:focus {
  outline: none;
  box-shadow: 0 0 2px 2px #00AEEF;
}

.c15:focus > circle,
.c15:focus > ellipse,
.c15:focus > line,
.c15:focus > path,
.c15:focus > polygon,
.c15:focus > polyline,
.c15:focus > rect {
  outline: none;
  box-shadow: 0 0 2px 2px #00AEEF;
}

.c15:focus::-moz-focus-inner {
  border: 0;
}

.c0 {
  font-family: 'Source Sans Pro',Arial,sans-serif;
  font-size: 14px;
  line-height: 1.5;
  box-sizing: border-box;
  -webkit-text-size-adjust: 100%;
  -ms-text-size-adjust: 100%;
  -moz-osx-font-smoothing: grayscale;
  -webkit-font-smoothing: antialiased;
}

.c7 {
  font-weight: 600;
  font-size: 14px;
  height: 38px;
  white-space: nowrap;
  display: -webkit-inline-box;
  display: -webkit-inline-flex;
  display: -ms-inline-flexbox;
  display: inline-flex;
  -webkit-align-items: center;
  -webkit-box-align: center;
  -ms-flex-align: center;
  align-items: center;
  -webkit-box-pack: center;
  -webkit-justify-content: center;
  -ms-flex-pack: center;
  justify-content: center;
}

.c7 svg {
  color: inherit !important;
  font-size: 0.925em;
}

.c7:disabled {
  cursor: not-allowed;
}

.c7 {
  color: white;
}

.c7:hover:enabled,
.c7:focus:enabled,
.c7:active:enabled {
  box-shadow: none;
  background: hsl(196.29999999999995,100%,37.5%);
  border-color: hsl(196.29999999999995,100%,37.5%);
  color: white;
  opacity: initial;
}

.c7:hover:enabled svg,
.c7:focus:enabled svg,
.c7:active:enabled svg {
  color: white !important;
}

.c16 {
  font-weight: 600;
  font-size: 14px;
  height: 38px;
  white-space: nowrap;
  display: -webkit-inline-box;
  display: -webkit-inline-flex;
  display: -ms-inline-flexbox;
  display: inline-flex;
  -webkit-align-items: center;
  -webkit-box-align: center;
  -ms-flex-align: center;
  align-items: center;
  -webkit-box-pack: center;
  -webkit-justify-content: center;
  -ms-flex-pack: center;
  justify-content: center;
}

.c16 svg {
  color: inherit !important;
  font-size: 0.925em;
}

.c16:disabled {
  cursor: not-allowed;
}

.c16 {
  color: #2A506F;
  border-color: #DDE1f0;
}

.c16 svg {
  color: #527699 !important;
}

.c16:hover:enabled,
.c16:focus:enabled,
.c16:active:enabled {
  box-shadow: none;
  background: #DDE1f0;
  border-color: #DDE1f0;
  color: #2A506F;
  opacity: initial;
}

.c16:hover:enabled svg,
.c16:focus:enabled svg,
.c16:active:enabled svg {
  color: #2A506F !important;
}

.c8 {
  margin-right: 30px;
}

.c2 {
  box-sizing: border-box;
}

.c3 {
  margin-bottom: 16px;
}

.c19 {
  margin-right: 8px;
}

.c5 {
  display: -webkit-box;
  display: -webkit-flex;
  display: -ms-flexbox;
  display: flex;
  -webkit-box-pack: justify;
  -webkit-justify-content: space-between;
  -ms-flex-pack: justify;
  justify-content: space-between;
}

.c18 {
  display: -webkit-box;
  display: -webkit-flex;
  display: -ms-flexbox;
  display: flex;
  -webkit-align-items: center;
  -webkit-box-align: center;
  -ms-flex-align: center;
  align-items: center;
  -webkit-box-pack: justify;
  -webkit-justify-content: space-between;
  -ms-flex-pack: justify;
  justify-content: space-between;
}

.c12 {
  position: relative;
  width: 100%;
  border-bottom: 1px solid #DDE1f0;
  padding-left: 24px;
  padding-top: 4px;
}

.c12 .search-icon {
  color: #bbc8d6;
  position: absolute;
  top: 50%;
  left: 8px;
  -webkit-transform: translateY(-50%);
  -ms-transform: translateY(-50%);
  transform: translateY(-50%);
}

.c12 input {
  outline: none;
  background: transparent;
  box-shadow: none;
  border: none;
  width: 100%;
  font-size: inherit;
  padding: 4px;
  height: auto;
  font-family: 'Source Sans Pro',Arial,sans-serif;
}

.c12 input:hover {
  box-shadow: none;
}

.c12 input::-webkit-input-placeholder {
  color: #bbc8d6;
  font-family: 'Source Sans Pro',Arial,sans-serif;
}

.c12 input::-moz-placeholder {
  color: #bbc8d6;
  font-family: 'Source Sans Pro',Arial,sans-serif;
}

.c12 input:-ms-input-placeholder {
  color: #bbc8d6;
  font-family: 'Source Sans Pro',Arial,sans-serif;
}

.c12 input::placeholder {
  color: #bbc8d6;
  font-family: 'Source Sans Pro',Arial,sans-serif;
}

.c13 {
  display: inline-block;
  border-radius: 3px;
  vertical-align: top;
  position: relative;
}

.c13 svg {
  width: 12px;
  -webkit-transform: translateY(1px);
  -ms-transform: translateY(1px);
  transform: translateY(1px);
}

.c17 {
  margin: 0;
  width: 100%;
}

.c14 {
  margin-left: 30px;
}

.c11 {
  -webkit-flex-basis: 500px;
  -ms-flex-preferred-size: 500px;
  flex-basis: 500px;
}

.c4 {
  position: relative;
}

.c1 {
  font-family: 'Source Sans Pro',Arial,sans-serif;
  font-size: 14px;
  color: #2A506F;
}

<div
  className="c0 c1"
>
  <div
    className="c2 c3 c4"
  >
    <div
      className="c2 c5"
    >
      <button
        className="c6 c7 c8"
        onBlur={[Function]}
        onClick={[Function]}
        onFocus={[Function]}
        onMouseOut={[Function]}
        onMouseOver={[Function]}
        type="button"
      >
        <div
          className="c9"
        >
          <svg
            aria-hidden="true"
            className="svg-inline--fa fa-filter fa-w-16 "
            color="#444444"
            data-icon="filter"
            data-prefix="fas"
            focusable="false"
            role="img"
            style={Object {}}
            viewBox="0 0 512 512"
            xmlns="http://www.w3.org/2000/svg"
          >
            <path
              d="M487.976 0H24.028C2.71 0-8.047 25.866 7.058 40.971L192 225.941V432c0 7.831 3.821 15.17 10.237 19.662l80 55.98C298.02 518.69 320 507.493 320 487.98V225.941l184.947-184.97C520.021 25.896 509.338 0 487.976 0z"
              fill="currentColor"
              style={Object {}}
            />
          </svg>
          <div
            className="c10"
          />
          Add filter
        </div>
      </button>
      <div
        className="c11"
      >
        <div
          className="c12 "
        >
          <input
            onChange={[Function]}
            placeholder="Search entries..."
            style={
              Object {
                "color": undefined,
              }
            }
            value=""
          />
          <svg
            aria-hidden="true"
            className="svg-inline--fa fa-search fa-w-16 search-icon"
            data-icon="search"
            data-prefix="fas"
            focusable="false"
            role="img"
            style={Object {}}
            viewBox="0 0 512 512"
            xmlns="http://www.w3.org/2000/svg"
          >
            <path
              d="M505 442.7L405.3 343c-4.5-4.5-10.6-7-17-7H372c27.6-35.3 44-79.7 44-128C416 93.1 322.9 0 208 0S0 93.1 0 208s93.1 208 208 208c48.3 0 92.7-16.4 128-44v16.3c0 6.4 2.5 12.5 7 17l99.7 99.7c9.4 9.4 24.6 9.4 33.9 0l28.3-28.3c9.4-9.4 9.4-24.6.1-34zM208 336c-70.7 0-128-57.2-128-128 0-70.7 57.2-128 128-128 70.7 0 128 57.2 128 128 0 70.7-57.2 128-128 128z"
              fill="currentColor"
              style={Object {}}
            />
          </svg>
        </div>
      </div>
      <div
        className=""
      >
        <div
          className="c2 c13 c14"
        >
          <button
            className="c15 c16 c17"
            onBlur={[Function]}
            onClick={[Function]}
            onFocus={[Function]}
            onMouseOut={[Function]}
            onMouseOver={[Function]}
            type="button"
          >
            <div
              className="c9"
            >
              <svg
                aria-hidden="true"
                className="svg-inline--fa fa-chart-pie fa-w-17 "
                data-icon="chart-pie"
                data-prefix="fas"
                focusable="false"
                role="img"
                style={Object {}}
                viewBox="0 0 544 512"
                xmlns="http://www.w3.org/2000/svg"
              >
                <path
                  d="M527.79 288H290.5l158.03 158.03c6.04 6.04 15.98 6.53 22.19.68 38.7-36.46 65.32-85.61 73.13-140.86 1.34-9.46-6.51-17.85-16.06-17.85zm-15.83-64.8C503.72 103.74 408.26 8.28 288.8.04 279.68-.59 272 7.1 272 16.24V240h223.77c9.14 0 16.82-7.68 16.19-16.8zM224 288V50.71c0-9.55-8.39-17.4-17.84-16.06C86.99 51.49-4.1 155.6.14 280.37 4.5 408.51 114.83 513.59 243.03 511.98c50.4-.63 96.97-16.87 135.26-44.03 7.9-5.6 8.42-17.23 1.57-24.08L224 288z"
                  fill="currentColor"
                  style={Object {}}
                />
              </svg>
              <div
                className="c10"
              />
              <div
                className="c2 c18"
              >
                <div
                  className="c2 c19"
                >
                  Views
                </div>
                <svg
                  aria-hidden="true"
                  className="svg-inline--fa fa-chevron-down fa-w-14 "
                  data-icon="chevron-down"
                  data-prefix="fas"
                  focusable="false"
                  role="img"
                  style={Object {}}
                  viewBox="0 0 448 512"
                  xmlns="http://www.w3.org/2000/svg"
                >
                  <path
                    d="M207.029 381.476L12.686 187.132c-9.373-9.373-9.373-24.569 0-33.941l22.667-22.667c9.357-9.357 24.522-9.375 33.901-.04L224 284.505l154.745-154.021c9.379-9.335 24.544-9.317 33.901.04l22.667 22.667c9.373 9.373 9.373 24.569 0 33.941L240.971 381.476c-9.373 9.372-24.569 9.372-33.942 0z"
                    fill="currentColor"
                    style={Object {}}
                  />
                </svg>
              </div>
            </div>
          </button>
        </div>
      </div>
    </div>
  </div>
</div>
`;
