// Jest Snapshot v1, https://goo.gl/fbAQLP

exports[`Avatar component Avatar renders correctly 1`] = `
.c2 {
  display: -webkit-box;
  display: -webkit-flex;
  display: -ms-flexbox;
  display: flex;
  box-sizing: border-box;
  max-width: 100%;
  -webkit-align-items: center;
  -webkit-box-align: center;
  -ms-flex-align: center;
  align-items: center;
  background-color: #b7bed3;
  color: #444444;
  min-width: 0;
  min-height: 0;
  -webkit-flex-direction: column;
  -ms-flex-direction: column;
  flex-direction: column;
  height: 24px;
  width: 24px;
  -webkit-box-pack: center;
  -webkit-justify-content: center;
  -ms-flex-pack: center;
  justify-content: center;
  border-radius: 100%;
  overflow: hidden;
}

.c0 {
  font-family: 'Source Sans Pro',Arial,sans-serif;
  font-size: 14px;
  line-height: 1.5;
  box-sizing: border-box;
  -webkit-text-size-adjust: 100%;
  -ms-text-size-adjust: 100%;
  -moz-osx-font-smoothing: grayscale;
  -webkit-font-smoothing: antialiased;
}

.c1 {
  font-family: 'Source Sans Pro',Arial,sans-serif;
  font-size: 14px;
  color: #2A506F;
}

<div
  className="c0 c1"
>
  
  <div
    className="c2 "
  >
    <svg
      aria-hidden="true"
      className="svg-inline--fa fa-user-circle fa-w-16 fa-2x "
      data-icon="user-circle"
      data-prefix="fas"
      focusable="false"
      role="img"
      style={Object {}}
      viewBox="0 0 496 512"
      xmlns="http://www.w3.org/2000/svg"
    >
      <path
        d="M248 8C111 8 0 119 0 256s111 248 248 248 248-111 248-248S385 8 248 8zm0 96c48.6 0 88 39.4 88 88s-39.4 88-88 88-88-39.4-88-88 39.4-88 88-88zm0 344c-58.7 0-111.3-26.6-146.5-68.2 18.8-35.4 55.6-59.8 98.5-59.8 2.4 0 4.8.4 7.1 1.1 13 4.2 26.6 6.9 40.9 6.9 14.3 0 28-2.7 40.9-6.9 2.3-.7 4.7-1.1 7.1-1.1 42.9 0 79.7 24.4 98.5 59.8C359.3 421.4 306.7 448 248 448z"
        fill="currentColor"
        style={Object {}}
      />
    </svg>
  </div>
</div>
`;
