// Jest Snapshot v1, https://goo.gl/fbAQLP

exports[`ArcSlider component should match the stored snapshot 1`] = `
.c0 {
  font-family: 'Source Sans Pro',Helvetica,sans-serif;
  font-size: 14px;
  line-height: 1.5;
  box-sizing: border-box;
  -webkit-text-size-adjust: 100%;
  -ms-text-size-adjust: 100%;
  -moz-osx-font-smoothing: grayscale;
  -webkit-font-smoothing: antialiased;
}

.c2 {
  box-sizing: border-box;
}

.c5 {
  display: -webkit-box;
  display: -webkit-flex;
  display: -ms-flexbox;
  display: flex;
  -webkit-flex-direction: column;
  -ms-flex-direction: column;
  flex-direction: column;
  -webkit-box-pack: center;
  -webkit-justify-content: center;
  -ms-flex-pack: center;
  justify-content: center;
}

.c4 {
  display: block;
  width: 100%;
  height: 100%;
}

.c3 {
  position: relative;
}

.c6 {
  position: absolute;
  top: 0;
  right: 0;
  bottom: 0;
  left: 0;
  text-align: center;
  pointer-events: none;
}

.c1 {
  font-family: 'Source Sans Pro',Helvetica,sans-serif;
  font-size: 14px;
  color: #2A506F;
}

<div
  className="c0 c1"
>
  <div
    className="c2 c3"
  >
    <svg
      className="c4"
      onMouseDown={[Function]}
      onTouchStart={[Function]}
      style={
        Object {
          "cursor": "grab",
        }
      }
      viewBox="0 0 600 600"
    >
      <defs>
        <linearGradient
          id="rendition-arc-slider-gradient"
          x1="0%"
          x2="100%"
          y1="0%"
          y2="0%"
        >
          <stop
            offset="0%"
            stopColor="hsl(46.30000000000001, 100%, 39.8%)"
          />
          <stop
            offset="100%"
            stopColor="#FEC400"
          />
        </linearGradient>
        <filter
          height="130%"
          id="rendition-arc-slider-dropshadow"
          xmlns="http://www.w3.org/2000/svg"
        >
          <feGaussianBlur
            in="SourceAlpha"
            stdDeviation="1.25"
          />
          <feOffset
            dx="0"
            dy="0"
            result="offsetblur"
          />
          <feMerge>
            <feMergeNode />
            <feMergeNode
              in="SourceGraphic"
            />
          </feMerge>
        </filter>
      </defs>
      <path
        d="M 441.4213562373095 441.4213562373095 A 200 200 0 1 0 158.57864376269046 441.4213562373095"
        fill="none"
        stroke="#707274"
        strokeLinecap="round"
        strokeWidth="20.5"
      />
      <path
        d="M 158.57864376269046 441.4213562373095 A 200 200 0 0 0 158.57864376269046 441.4213562373095"
        fill="none"
        stroke="url(#rendition-arc-slider-gradient)"
        strokeLinecap="round"
        strokeWidth="22"
      />
      <circle
        cx="300"
        cy="100"
        fill="white"
        filter="url(#rendition-arc-slider-dropshadow)"
        r="20"
        transform="rotate(-135, 300, 300)"
      />
      <circle
        cx="300"
        cy="100"
        fill="#FEC400"
        r="14"
        transform="rotate(-135, 300, 300)"
      />
    </svg>
    <div
      className="c2 c5 c6"
    />
  </div>
</div>
`;
