// Jest Snapshot v1, https://goo.gl/fbAQLP

exports[`ProgressBar renders correctly 1`] = `
.c0 {
  font-family: 'Source Sans Pro',Helvetica,sans-serif;
  font-size: 14px;
  line-height: 1.5;
  box-sizing: border-box;
  -webkit-text-size-adjust: 100%;
  -ms-text-size-adjust: 100%;
  -moz-osx-font-smoothing: grayscale;
  -webkit-font-smoothing: antialiased;
}

.c5 {
  position: relative;
  height: 38px;
  overflow: hidden;
  background: #00AEEF;
  -webkit-transition: width linear 250ms;
  transition: width linear 250ms;
  text-align: center;
}

.c4 {
  position: absolute;
  top: 0;
  left: 0;
  bottom: 0;
  right: 0;
  text-align: center;
  color: #000;
  text-shadow: 0 0 3px rgba(255,255,255,0.5);
}

.c6 {
  text-align: center;
  position: absolute;
  left: 0;
  bottom: 0;
  top: 0;
  text-shadow: 0 0 3px rgba(0,0,0,0.5);
  -webkit-transition: width linear 250ms;
  transition: width linear 250ms;
}

.c2 {
  position: relative;
  border-radius: 3px;
  height: 16px;
  line-height: 16px;
  background: #DDE1f0;
  font-size: 0.6em;
  overflow: hidden;
}

.c3 {
  color: #fff;
}

.c1 {
  font-family: 'Source Sans Pro',Helvetica,sans-serif;
  font-size: 14px;
  color: #2A506F;
}

<div
  className="c0 c1"
>
  <div
    className="c2 c3"
    color="#fff"
  >
    <div
      className="c4"
    >
      50
      %
    </div>
    <div
      className="c5"
      style={
        Object {
          "width": "50%",
        }
      }
    >
      <div
        className="c6"
        style={
          Object {
            "width": "200%",
          }
        }
      >
        50
        %
      </div>
    </div>
  </div>
</div>
`;
