// Jest Snapshot v1, https://goo.gl/fbAQLP

exports[`Accordion renders correctly 1`] = `
.c2 {
  display: -webkit-box;
  display: -webkit-flex;
  display: -ms-flexbox;
  display: flex;
  box-sizing: border-box;
  max-width: 100%;
  min-width: 0;
  min-height: 0;
  -webkit-flex-direction: column;
  -ms-flex-direction: column;
  flex-direction: column;
}

.c3 {
  display: -webkit-box;
  display: -webkit-flex;
  display: -ms-flexbox;
  display: flex;
  box-sizing: border-box;
  max-width: 100%;
  min-width: 0;
  min-height: 0;
  -webkit-flex-direction: column;
  -ms-flex-direction: column;
  flex-direction: column;
  -webkit-flex: 0 0 auto;
  -ms-flex: 0 0 auto;
  flex: 0 0 auto;
}

.c13 {
  display: -webkit-box;
  display: -webkit-flex;
  display: -ms-flexbox;
  display: flex;
  box-sizing: border-box;
  max-width: 100%;
  border-bottom: solid 1px rgba(0,0,0,0.33);
  min-width: 0;
  min-height: 0;
  -webkit-flex-direction: column;
  -ms-flex-direction: column;
  flex-direction: column;
}

.c4 {
  display: inline-block;
  box-sizing: border-box;
  cursor: pointer;
  font: inherit;
  -webkit-text-decoration: none;
  text-decoration: none;
  margin: 0;
  background: transparent;
  overflow: visible;
  text-transform: none;
  color: inherit;
  outline: none;
  border: none;
  padding: 0;
  text-align: inherit;
}

.c4:focus {
  outline: none;
  box-shadow: 0 0 2px 2px #00AEEF;
}

.c4:focus > circle,
.c4:focus > ellipse,
.c4:focus > line,
.c4:focus > path,
.c4:focus > polygon,
.c4:focus > polyline,
.c4:focus > rect {
  outline: none;
  box-shadow: 0 0 2px 2px #00AEEF;
}

.c4:focus::-moz-focus-inner {
  border: 0;
}

.c14 {
  -webkit-transition: max-height 200ms,opacity 200ms;
  transition: max-height 200ms,opacity 200ms;
  opacity: 0;
  overflow: hidden;
  max-height: 0;
}

.c0 {
  font-family: 'Source Sans Pro',Helvetica,sans-serif;
  font-size: 14px;
  line-height: 1.5;
  box-sizing: border-box;
  -webkit-text-size-adjust: 100%;
  -ms-text-size-adjust: 100%;
  -moz-osx-font-smoothing: grayscale;
  -webkit-font-smoothing: antialiased;
}

.c5 {
  box-sizing: border-box;
}

.c7 {
  padding-left: 16px;
  padding-right: 16px;
}

.c11 {
  padding-right: 16px;
}

.c15 {
  margin-top: 10px;
  margin-bottom: 24px;
  padding-left: 16px;
  padding-right: 16px;
}

.c6 {
  display: -webkit-box;
  display: -webkit-flex;
  display: -ms-flexbox;
  display: flex;
  -webkit-align-items: center;
  -webkit-box-align: center;
  -ms-flex-align: center;
  align-items: center;
  -webkit-box-pack: justify;
  -webkit-justify-content: space-between;
  -ms-flex-pack: justify;
  justify-content: space-between;
}

.c8 {
  display: -webkit-box;
  display: -webkit-flex;
  display: -ms-flexbox;
  display: flex;
}

.c12 {
  display: -webkit-box;
  display: -webkit-flex;
  display: -ms-flexbox;
  display: flex;
  -webkit-align-items: center;
  -webkit-box-align: center;
  -ms-flex-align: center;
  align-items: center;
  -webkit-box-pack: end;
  -webkit-justify-content: flex-end;
  -ms-flex-pack: end;
  justify-content: flex-end;
}

.c9 {
  font-weight: 600;
}

.c10 {
  margin-top: 24px;
  margin-bottom: 24px;
  font-size: 16px;
}

.c1 {
  font-family: 'Source Sans Pro',Helvetica,sans-serif;
  font-size: 14px;
  color: #2A506F;
}

@media only screen and (max-width:768px) {
  .c13 {
    border-bottom: solid 1px rgba(0,0,0,0.33);
  }
}

<div
  className="c0 c1"
>
  <div
    className="c2"
    role="tablist"
  >
    <div
      className="c3"
    >
      <button
        aria-expanded={false}
        aria-selected={false}
        className="c4"
        onBlur={[Function]}
        onClick={[Function]}
        onFocus={[Function]}
        onMouseOut={[Function]}
        onMouseOver={[Function]}
        role="tab"
        type="button"
      >
        <div
          className="c5 c6"
        >
          <div
            className="c5 c7 c8"
          >
            <div
              className="c9 c10"
            >
              Heading one
            </div>
          </div>
          <div
            className="c5 c11 c12"
          >
            <svg
              aria-hidden="true"
              className="svg-inline--fa fa-plus fa-w-14 "
              color="#c6c8c9"
              data-icon="plus"
              data-prefix="fas"
              focusable="false"
              role="img"
              style={Object {}}
              viewBox="0 0 448 512"
              xmlns="http://www.w3.org/2000/svg"
            >
              <path
                d="M416 208H272V64c0-17.67-14.33-32-32-32h-32c-17.67 0-32 14.33-32 32v144H32c-17.67 0-32 14.33-32 32v32c0 17.67 14.33 32 32 32h144v144c0 17.67 14.33 32 32 32h32c17.67 0 32-14.33 32-32V304h144c17.67 0 32-14.33 32-32v-32c0-17.67-14.33-32-32-32z"
                fill="currentColor"
                style={Object {}}
              />
            </svg>
          </div>
        </div>
      </button>
      <div
        className="c13"
      >
        <div
          aria-hidden={true}
          className="c2 c14"
          open={false}
        >
          <div
            className="c5 c15"
          >
            First Panel
          </div>
        </div>
      </div>
    </div>
    <div
      className="c3"
    >
      <button
        aria-expanded={false}
        aria-selected={false}
        className="c4"
        onBlur={[Function]}
        onClick={[Function]}
        onFocus={[Function]}
        onMouseOut={[Function]}
        onMouseOver={[Function]}
        role="tab"
        type="button"
      >
        <div
          className="c5 c6"
        >
          <div
            className="c5 c7 c8"
          >
            <div
              className="c9 c10"
            >
              Second Heading
            </div>
          </div>
          <div
            className="c5 c11 c12"
          >
            <svg
              aria-hidden="true"
              className="svg-inline--fa fa-plus fa-w-14 "
              color="#c6c8c9"
              data-icon="plus"
              data-prefix="fas"
              focusable="false"
              role="img"
              style={Object {}}
              viewBox="0 0 448 512"
              xmlns="http://www.w3.org/2000/svg"
            >
              <path
                d="M416 208H272V64c0-17.67-14.33-32-32-32h-32c-17.67 0-32 14.33-32 32v144H32c-17.67 0-32 14.33-32 32v32c0 17.67 14.33 32 32 32h144v144c0 17.67 14.33 32 32 32h32c17.67 0 32-14.33 32-32V304h144c17.67 0 32-14.33 32-32v-32c0-17.67-14.33-32-32-32z"
                fill="currentColor"
                style={Object {}}
              />
            </svg>
          </div>
        </div>
      </button>
      <div
        className="c13"
      >
        <div
          aria-hidden={true}
          className="c2 c14"
          open={false}
        >
          <div
            className="c5 c15"
          >
            Second Panel
          </div>
        </div>
      </div>
    </div>
  </div>
</div>
`;
