// Jest Snapshot v1, https://goo.gl/fbAQLP

exports[`Pager component should match the stored snapshot 1`] = `
.c7 {
  display: inline-block;
  box-sizing: border-box;
  cursor: pointer;
  font: inherit;
  -webkit-text-decoration: none;
  text-decoration: none;
  margin: 0;
  background: transparent;
  overflow: visible;
  text-transform: none;
  border: 1px solid #DDE1f0;
  border-radius: 20px;
  color: #444444;
  padding: 4px 30px;
  font-size: 14px;
  line-height: 1.5;
  opacity: 0.3;
  cursor: default;
  -webkit-transition-property: color,background-color,border-color,box-shadow;
  transition-property: color,background-color,border-color,box-shadow;
  -webkit-transition-duration: 0.1s;
  transition-duration: 0.1s;
  -webkit-transition-timing-function: ease-in-out;
  transition-timing-function: ease-in-out;
  line-height: 0;
  padding: 12px;
}

.c7:focus {
  outline: none;
  box-shadow: 0 0 2px 2px #00AEEF;
}

.c7:focus > circle,
.c7:focus > ellipse,
.c7:focus > line,
.c7:focus > path,
.c7:focus > polygon,
.c7:focus > polyline,
.c7:focus > rect {
  outline: none;
  box-shadow: 0 0 2px 2px #00AEEF;
}

.c7:focus::-moz-focus-inner {
  border: 0;
}

.c9 {
  display: inline-block;
  box-sizing: border-box;
  cursor: pointer;
  font: inherit;
  -webkit-text-decoration: none;
  text-decoration: none;
  margin: 0;
  background: transparent;
  overflow: visible;
  text-transform: none;
  border: 1px solid #DDE1f0;
  border-radius: 20px;
  color: #444444;
  padding: 4px 30px;
  font-size: 14px;
  line-height: 1.5;
  -webkit-transition-property: color,background-color,border-color,box-shadow;
  transition-property: color,background-color,border-color,box-shadow;
  -webkit-transition-duration: 0.1s;
  transition-duration: 0.1s;
  -webkit-transition-timing-function: ease-in-out;
  transition-timing-function: ease-in-out;
  line-height: 0;
  padding: 12px;
}

.c9:hover {
  box-shadow: 0px 0px 0px 2px #DDE1f0;
}

.c9:focus {
  outline: none;
  box-shadow: 0 0 2px 2px #00AEEF;
}

.c9:focus > circle,
.c9:focus > ellipse,
.c9:focus > line,
.c9:focus > path,
.c9:focus > polygon,
.c9:focus > polyline,
.c9:focus > rect {
  outline: none;
  box-shadow: 0 0 2px 2px #00AEEF;
}

.c9:focus::-moz-focus-inner {
  border: 0;
}

.c0 {
  font-family: 'Source Sans Pro',Arial,sans-serif;
  font-size: 14px;
  line-height: 1.5;
  box-sizing: border-box;
  -webkit-text-size-adjust: 100%;
  -ms-text-size-adjust: 100%;
  -moz-osx-font-smoothing: grayscale;
  -webkit-font-smoothing: antialiased;
}

.c8 {
  font-weight: 600;
  font-size: 14px;
  height: 38px;
  white-space: nowrap;
  display: -webkit-inline-box;
  display: -webkit-inline-flex;
  display: -ms-inline-flexbox;
  display: inline-flex;
  -webkit-align-items: center;
  -webkit-box-align: center;
  -ms-flex-align: center;
  align-items: center;
  -webkit-box-pack: center;
  -webkit-justify-content: center;
  -ms-flex-pack: center;
  justify-content: center;
}

.c8 svg {
  color: inherit !important;
  font-size: 0.925em;
}

.c8:disabled {
  cursor: not-allowed;
}

.c8 {
  color: #2A506F;
  border-color: #DDE1f0;
}

.c8 svg {
  color: #527699 !important;
}

.c8:hover:enabled,
.c8:focus:enabled,
.c8:active:enabled {
  box-shadow: none;
  background: #DDE1f0;
  border-color: #DDE1f0;
  color: #2A506F;
  opacity: initial;
}

.c8:hover:enabled svg,
.c8:focus:enabled svg,
.c8:active:enabled svg {
  color: #2A506F !important;
}

.c2 {
  box-sizing: border-box;
}

.c3 {
  display: -webkit-box;
  display: -webkit-flex;
  display: -ms-flexbox;
  display: flex;
  -webkit-align-items: center;
  -webkit-box-align: center;
  -ms-flex-align: center;
  align-items: center;
  -webkit-box-pack: end;
  -webkit-justify-content: flex-end;
  -ms-flex-pack: end;
  justify-content: flex-end;
}

.c5 {
  display: -webkit-box;
  display: -webkit-flex;
  display: -ms-flexbox;
  display: flex;
}

.c4 {
  margin-right: 8px;
}

.c6 {
  display: -webkit-box;
  display: -webkit-flex;
  display: -ms-flexbox;
  display: flex;
}

.c6 > *:first-child {
  border-top-right-radius: 0;
  border-bottom-right-radius: 0;
}

.c6 > *:last-child {
  border-top-left-radius: 0;
  border-bottom-left-radius: 0;
}

.c6 > *:not(:last-child) {
  border-right: 0;
}

.c6 > *:not(:last-child):not(:first-child) {
  border-radius: 0;
}

.c6 > *:hover {
  z-index: 1;
}

.c1 {
  font-family: 'Source Sans Pro',Arial,sans-serif;
  font-size: 14px;
  color: #2A506F;
}

<div
  className="c0 c1"
>
  <div
    className="c2 c3"
  >
    <div
      className="c4"
    >
      <strong>
        1
         - 
        50
      </strong>
       
      of 
      <strong>
        436
      </strong>
    </div>
    <div
      className="c2 c5"
    >
      <div
        className="c2 c6"
      >
        <button
          className="c7 c8 rendition-pager__btn--prev"
          disabled={true}
          onBlur={[Function]}
          onClick={[Function]}
          onFocus={[Function]}
          onMouseOut={[Function]}
          onMouseOver={[Function]}
          type="button"
        >
          <svg
            aria-hidden="true"
            className="svg-inline--fa fa-chevron-left fa-w-10 "
            data-icon="chevron-left"
            data-prefix="fas"
            focusable="false"
            role="img"
            style={Object {}}
            viewBox="0 0 320 512"
            xmlns="http://www.w3.org/2000/svg"
          >
            <path
              d="M34.52 239.03L228.87 44.69c9.37-9.37 24.57-9.37 33.94 0l22.67 22.67c9.36 9.36 9.37 24.52.04 33.9L131.49 256l154.02 154.75c9.34 9.38 9.32 24.54-.04 33.9l-22.67 22.67c-9.37 9.37-24.57 9.37-33.94 0L34.52 272.97c-9.37-9.37-9.37-24.57 0-33.94z"
              fill="currentColor"
              style={Object {}}
            />
          </svg>
        </button>
        <button
          className="c9 c8 rendition-pager__btn--next"
          disabled={false}
          onBlur={[Function]}
          onClick={[Function]}
          onFocus={[Function]}
          onMouseOut={[Function]}
          onMouseOver={[Function]}
          type="button"
        >
          <svg
            aria-hidden="true"
            className="svg-inline--fa fa-chevron-right fa-w-10 "
            data-icon="chevron-right"
            data-prefix="fas"
            focusable="false"
            role="img"
            style={Object {}}
            viewBox="0 0 320 512"
            xmlns="http://www.w3.org/2000/svg"
          >
            <path
              d="M285.476 272.971L91.132 467.314c-9.373 9.373-24.569 9.373-33.941 0l-22.667-22.667c-9.357-9.357-9.375-24.522-.04-33.901L188.505 256 34.484 101.255c-9.335-9.379-9.317-24.544.04-33.901l22.667-22.667c9.373-9.373 24.569-9.373 33.941 0L285.475 239.03c9.373 9.372 9.373 24.568.001 33.941z"
              fill="currentColor"
              style={Object {}}
            />
          </svg>
        </button>
      </div>
    </div>
  </div>
</div>
`;
